// Jest Snapshot v1, https://goo.gl/fbAQLP

exports[`renders correctly 1`] = `
<div>
  <div>
    <header
      className="MuiPaper-root MuiAppBar-root MuiAppBar-positionStatic MuiAppBar-colorPrimary makeStyles-root-7 MuiPaper-elevation4"
    >
      <div
        className="MuiGrid-root MuiGrid-container MuiGrid-align-items-xs-center"
      >
        <div
          className="MuiGrid-root MuiGrid-item MuiGrid-grid-xs-6"
        >
          <a
            aria-current="page"
            className="makeStyles-logo-10 active"
            href="/"
            onClick={[Function]}
            style={Object {}}
          >
            <div
              className="MuiToolbar-root MuiToolbar-regular MuiToolbar-gutters"
            >
              <svg
                aria-hidden={true}
                className="MuiSvgIcon-root MuiSvgIcon-fontSizeLarge"
                focusable="false"
                viewBox="0 0 24 24"
              >
                <path
                  d="M18 4l2 4h-3l-2-4h-2l2 4h-3l-2-4H8l2 4H7L5 4H4c-1.1 0-1.99.9-1.99 2L2 18c0 1.1.9 2 2 2h16c1.1 0 2-.9 2-2V4h-4z"
                />
              </svg>
              <h6
                className="MuiTypography-root MuiTypography-h6"
              >
                <strong>
                  TV SHOWS
                </strong>
              </h6>
            </div>
          </a>
        </div>
        <div
          className="MuiGrid-root MuiGrid-item MuiGrid-grid-xs-6"
        >
          <div
            className="MuiPaper-root makeStyles-paper-8 MuiPaper-elevation1 MuiPaper-rounded"
          >
            <div
              align="center"
              className="MuiGrid-root MuiGrid-container MuiGrid-direction-xs-column MuiGrid-justify-xs-center"
            >
              <div
                className="MuiGrid-root MuiGrid-item MuiGrid-grid-xs-12"
              >
                <div
                  className="MuiInputBase-root makeStyles-input-12 MuiInputBase-adornedEnd"
                  onClick={[Function]}
                >
                  <input
                    className="MuiInputBase-input MuiInputBase-inputAdornedEnd"
                    data-testid="search"
                    onAnimationStart={[Function]}
                    onBlur={[Function]}
                    onChange={[Function]}
                    onFocus={[Function]}
                    placeholder="Search TV Shows.."
                    type="text"
                  />
                  <button
                    className="MuiButtonBase-root MuiIconButton-root"
                    data-testid="searchIcon"
                    disabled={false}
                    onBlur={[Function]}
                    onClick={[Function]}
                    onDragLeave={[Function]}
                    onFocus={[Function]}
                    onKeyDown={[Function]}
                    onKeyUp={[Function]}
                    onMouseDown={[Function]}
                    onMouseLeave={[Function]}
                    onMouseUp={[Function]}
                    onTouchEnd={[Function]}
                    onTouchMove={[Function]}
                    onTouchStart={[Function]}
                    tabIndex={0}
                    type="button"
                  >
                    <span
                      className="MuiIconButton-label"
                    >
                      <svg
                        aria-hidden={true}
                        className="MuiSvgIcon-root MuiSvgIcon-fontSizeSmall"
                        focusable="false"
                        viewBox="0 0 24 24"
                      >
                        <path
                          d="M15.5 14h-.79l-.28-.27C15.41 12.59 16 11.11 16 9.5 16 5.91 13.09 3 9.5 3S3 5.91 3 9.5 5.91 16 9.5 16c1.61 0 3.09-.59 4.23-1.57l.27.28v.79l5 4.99L20.49 19l-4.99-5zm-6 0C7.01 14 5 11.99 5 9.5S7.01 5 9.5 5 14 7.01 14 9.5 11.99 14 9.5 14z"
                        />
                      </svg>
                    </span>
                  </button>
                </div>
              </div>
            </div>
          </div>
        </div>
      </div>
    </header>
  </div>
  <div
    className="MuiGrid-root MuiGrid-container MuiGrid-justify-xs-center"
  >
    <div
      className="MuiGrid-root MuiGrid-container MuiGrid-item MuiGrid-justify-xs-flex-end MuiGrid-grid-sm-true"
    >
      <div
        className="MuiFormControl-root makeStyles-formControl-2"
      >
        <label
          className="MuiFormLabel-root MuiInputLabel-root MuiInputLabel-formControl MuiInputLabel-animated MuiInputLabel-filled"
          data-shrink={false}
          id="select-filled-label"
        >
          Rating
        </label>
        <div
          className="MuiInputBase-root MuiFilledInput-root MuiFilledInput-underline MuiInputBase-formControl"
          onClick={[Function]}
        >
          <div
            aria-haspopup="listbox"
            aria-labelledby="select-filled-label simple-select-filled"
            className="MuiSelect-root MuiSelect-select MuiSelect-selectMenu MuiSelect-filled MuiInputBase-input MuiFilledInput-input"
            id="simple-select-filled"
            onBlur={[Function]}
            onFocus={[Function]}
            onKeyDown={[Function]}
            onMouseDown={[Function]}
            role="button"
            tabIndex={0}
          >
            <span
              dangerouslySetInnerHTML={
                Object {
                  "__html": "&#8203;",
                }
              }
            />
          </div>
          <input
            aria-hidden={true}
            className="MuiSelect-nativeInput"
            onAnimationStart={[Function]}
            onChange={[Function]}
            required={false}
            tabIndex={-1}
          />
          <svg
            aria-hidden={true}
            className="MuiSvgIcon-root MuiSelect-icon MuiSelect-iconFilled"
            focusable="false"
            viewBox="0 0 24 24"
          >
            <path
              d="M7 10l5 5 5-5z"
            />
          </svg>
        </div>
      </div>
    </div>
    <div
      className="MuiGrid-root MuiGrid-container MuiGrid-item MuiGrid-grid-sm-true"
    >
      <div
        className="MuiFormControl-root makeStyles-formControl-2"
      >
        <label
          className="MuiFormLabel-root MuiInputLabel-root MuiInputLabel-formControl MuiInputLabel-animated MuiInputLabel-shrink MuiInputLabel-filled MuiFormLabel-filled"
          data-shrink={true}
          id="mutiple-checkbox-label"
        >
          Genres
        </label>
        <div
          className="MuiInputBase-root MuiInput-root MuiInputBase-formControl MuiInput-formControl"
          onClick={[Function]}
        >
          <div
            aria-haspopup="listbox"
            aria-labelledby="mutiple-checkbox-label mutiple-checkbox"
            className="MuiSelect-root MuiSelect-select MuiSelect-selectMenu MuiSelect-filled MuiInputBase-input MuiInput-input"
            id="mutiple-checkbox"
            onBlur={[Function]}
            onFocus={[Function]}
            onKeyDown={[Function]}
            onMouseDown={[Function]}
            role="button"
            tabIndex={0}
          >
            <span
              dangerouslySetInnerHTML={
                Object {
                  "__html": "&#8203;",
                }
              }
            />
          </div>
          <input
            aria-hidden={true}
            className="MuiSelect-nativeInput"
            onAnimationStart={[Function]}
            onChange={[Function]}
            required={false}
            tabIndex={-1}
            value=""
          />
          <svg
            aria-hidden={true}
            className="MuiSvgIcon-root MuiSelect-icon MuiSelect-iconFilled"
            focusable="false"
            viewBox="0 0 24 24"
          >
            <path
              d="M7 10l5 5 5-5z"
            />
          </svg>
        </div>
      </div>
    </div>
  </div>
  <div
    className="MuiGrid-root MuiGrid-container MuiGrid-justify-xs-center"
  />
  <div
    className="makeStyles-root-1"
  >
    <ul
      className="MuiGridList-root makeStyles-gridList-5"
      style={
        Object {
          "margin": -2,
        }
      }
    />
  </div>
</div>
`;
